[2J[H[0m
[1m[38;5;22m┌──────────[0m[1m[38;5;28m───────────────────[0m[1m[38;5;34m────────────────────[0m[1m[38;5;40m──────────[0m[1m[38;5;41m──────────[0m[1m[38;5;47m─────────┐[0m
[1m[38;5;46m│[0m            [1m[38;5;22m★   R E[0m[1m[38;5;28m G I S T R A [0m[1m[38;5;34mT I O N   S U[0m[1m[38;5;40m C C E[0m[1m[38;5;41m S S F [0m[1m[38;5;47mU L   ★[0m             [1m[38;5;118m│[0m
[1m[38;5;46m│[0m          [38;5;190mAccount Created Successfully • Welcome to the NetBBS Mesh[0m           [1m[38;5;118m│[0m
[1m[38;5;22m├──────────[0m[1m[38;5;28m───────────────────[0m[1m[38;5;34m────────────────────[0m[1m[38;5;40m──────────[0m[1m[38;5;41m──────────[0m[1m[38;5;47m─────────┤[0m
[1m[38;5;46m│[0m  [1m[38;5;22m          [0m[1m[38;5;28m    ░▒▓███████████[0m[1m[38;5;34m██████████████████[0m[1m[38;5;40m█████████[0m[1m[38;5;41m██▓▒░     [0m[1m[38;5;47m         [0m  [1m[38;5;118m│[0m
[1m[38;5;46m│[0m [1m[38;5;22m          [0m[1m[38;5;28m   [ ★  CREDENTIAL[0m[1m[38;5;34mS VERIFIED • IDENTI[0m[1m[38;5;40mTY CREATE[0m[1m[38;5;41mD  ★ ]   [0m[1m[38;5;47m          [0m  [1m[38;5;118m│[0m
[1m[38;5;46m│[0m  [1m[38;5;22m          [0m[1m[38;5;28m    ░▒▓███████████[0m[1m[38;5;34m██████████████████[0m[1m[38;5;40m█████████[0m[1m[38;5;41m██▓▒░     [0m[1m[38;5;47m         [0m  [1m[38;5;118m│[0m
[1m[38;5;22m├──────────[0m[1m[38;5;28m───────────────────[0m[1m[38;5;34m────────────────────[0m[1m[38;5;40m──────────[0m[1m[38;5;41m──────────[0m[1m[38;5;47m─────────┤[0m
[1m[38;5;46m│[0m[1m[38;5;46m ACCOUNT STATUS : [0m[1m[38;5;118mACTIVE & READY[0m             │ [1m[38;5;46mSECURITY : [0m[38;5;190mARGON2ID VERIFIED[0m   [1m[38;5;118m│[0m
[1m[38;5;46m│[0m[1m[38;5;46m PRIVILEGE LEVEL: [0m[38;5;190mSTANDARD CITIZEN[0m           │ [1m[38;5;46mMAILBOX  : [0m[38;5;190mINITIALIZED[0m         [1m[38;5;118m│[0m
[1m[38;5;22m├──────────[0m[1m[38;5;28m───────────────────[0m[1m[38;5;34m────────────────────[0m[1m[38;5;40m──────────[0m[1m[38;5;41m──────────[0m[1m[38;5;47m─────────┤[0m
[1m[38;5;46m│[0m         [1m[38;5;28m[[0m[1m[38;5;46m BOARDS UNLOCKED [0m[1m[38;5;28m][0m [1m[38;5;28m[[0m[1m[38;5;46m FILE VAULT READY [0m[1m[38;5;28m][0m [1m[38;5;28m[[0m[1m[38;5;46m CHAT ACCESSIBLE [0m[1m[38;5;28m][0m         [1m[38;5;118m│[0m
[1m[38;5;46m│[0m      [1m[38;5;22m>>>   E N[0m[1m[38;5;28m J O Y   Y O U R[0m[1m[38;5;34m   S T A Y   I N[0m[1m[38;5;40m   T H [0m[1m[38;5;41mE   M E S[0m[1m[38;5;47m H   <<<[0m       [1m[38;5;118m│[0m
[1m[38;5;22m└──────────[0m[1m[38;5;28m───────────────────[0m[1m[38;5;34m────────────────────[0m[1m[38;5;40m──────────[0m[1m[38;5;41m──────────[0m[1m[38;5;47m─────────┘[0m
[0m