[2J[H[0m
[1m[38;5;22m┌──────────[0m[1m[38;5;28m───────────────────[0m[1m[38;5;34m────────────────────[0m[1m[38;5;40m──────────[0m[1m[38;5;41m──────────[0m[1m[38;5;47m─────────┐[0m
[1m[38;5;46m│[0m           [1m[38;5;22m▲   N E[0m[1m[38;5;28m W   C I T I Z[0m[1m[38;5;34m E N   R E G [0m[1m[38;5;40mI S T R[0m[1m[38;5;41m A T I [0m[1m[38;5;47mO N   ▲[0m            [1m[38;5;118m│[0m
[1m[38;5;46m│[0m         [38;5;190mWelcome Prospective Node Member • Public Access Mesh Portal[0m          [1m[38;5;118m│[0m
[1m[38;5;22m├──────────[0m[1m[38;5;28m───────────────────[0m[1m[38;5;34m────────────────────[0m[1m[38;5;40m──────────[0m[1m[38;5;41m──────────[0m[1m[38;5;47m─────────┤[0m
[1m[38;5;46m│[0m[1m[38;5;22m          [0m[1m[38;5;28m         ╔═════════[0m[1m[38;5;34m═══════════════════[0m[1m[38;5;40m═════════[0m[1m[38;5;41m╗         [0m[1m[38;5;47m          [0m [1m[38;5;118m│[0m
[1m[38;5;46m│[0m[1m[38;5;22m          [0m[1m[38;5;28m         ║    ◈  AU[0m[1m[38;5;34mTHENTICATED CITIZEN[0m[1m[38;5;40mSHIP ◈   [0m[1m[38;5;41m║         [0m[1m[38;5;47m          [0m [1m[38;5;118m│[0m
[1m[38;5;46m│[0m[1m[38;5;22m          [0m[1m[38;5;28m         ║      ZER[0m[1m[38;5;34mO TRACKING • AD-FRE[0m[1m[38;5;40mE        [0m[1m[38;5;41m║         [0m[1m[38;5;47m          [0m [1m[38;5;118m│[0m
[1m[38;5;46m│[0m[1m[38;5;22m          [0m[1m[38;5;28m         ║    END-T[0m[1m[38;5;34mO-END CRYPTOGRAPHIC[0m[1m[38;5;40m IDENTITY[0m[1m[38;5;41m║         [0m[1m[38;5;47m          [0m [1m[38;5;118m│[0m
[1m[38;5;46m│[0m[1m[38;5;22m          [0m[1m[38;5;28m         ╚═════════[0m[1m[38;5;34m═══════════════════[0m[1m[38;5;40m═════════[0m[1m[38;5;41m╝         [0m[1m[38;5;47m          [0m [1m[38;5;118m│[0m
[1m[38;5;22m├──────────[0m[1m[38;5;28m───────────────────[0m[1m[38;5;34m────────────────────[0m[1m[38;5;40m──────────[0m[1m[38;5;41m──────────[0m[1m[38;5;47m─────────┤[0m
[1m[38;5;46m│[0m         [1m[38;5;28m[[0m[1m[38;5;46m 1: FREE ACCESS [0m[1m[38;5;28m][0m [1m[38;5;28m[[0m[1m[38;5;46m 2: NO TRACKING [0m[1m[38;5;28m][0m [1m[38;5;28m[[0m[1m[38;5;46m 3: OPEN FEDERATION [0m[1m[38;5;28m][0m         [1m[38;5;118m│[0m
[1m[38;5;46m│[0m  [38;5;190mPlease choose a memorable handle and strong passphrase on the next screen.[0m  [1m[38;5;118m│[0m
[1m[38;5;22m├──────────[0m[1m[38;5;28m───────────────────[0m[1m[38;5;34m────────────────────[0m[1m[38;5;40m──────────[0m[1m[38;5;41m──────────[0m[1m[38;5;47m─────────┤[0m
[1m[38;5;46m│[0m         [1m[38;5;28m⬢ Registration takes less than 60 seconds • Instant Access ⬢[0m         [1m[38;5;118m│[0m
[1m[38;5;46m│[0m        [1m[38;5;22m>>>   P [0m[1m[38;5;28mR O C E E D   W[0m[1m[38;5;34m I T H   R E G [0m[1m[38;5;40mI S T R[0m[1m[38;5;41m A T I O[0m[1m[38;5;47m N   <<<[0m         [1m[38;5;118m│[0m
[1m[38;5;22m└──────────[0m[1m[38;5;28m───────────────────[0m[1m[38;5;34m────────────────────[0m[1m[38;5;40m──────────[0m[1m[38;5;41m──────────[0m[1m[38;5;47m─────────┘[0m
[0m